[
    {
      "id": "template",
      "path": "source/trace/cjs/template.js",
      "dependents": [
        "lib"
      ]
    },
    {
      "id": "model",
      "path": "source/trace/cjs/model.js",
      "dependents": [
        "controller",
        "view",
        "lib"
      ]
    },
    {
      "id": "controller",
      "path": "source/trace/cjs/controller.js",
      "deps": [
        "model"
      ],
      "dependents": [
        "lib"
      ]
    },
    {
      "id": "util/helper",
      "path": "source/trace/cjs/util/helper.js",
      "dependents": [
        "view"
      ]
    },
    {
      "id": "jquery",
      "path": "source/trace/cjs/jquery.js",
      "dependents": [
        "view"
      ]
    },
    {
      "id": "view",
      "path": "source/trace/cjs/view.js",
      "deps": [
        "model",
        "util/helper",
        "jquery"
      ],
      "dependents": [
        "lib"
      ]
    },
    {
      "id": "lib",
      "path": "source/trace/cjs/lib.js",
      "deps": [
        "template",
        "model",
        "controller",
        "view"
      ]
    }
]
