[
    {
      "id": "view1",
      "path": "source/trace/combined/view1.js",
      "deps": [
        "header",
        "content",
        "footer"
      ],
      "otherIds": {
        "inlay": {
          "dependents": [
            "content"
          ]
        },
        "button": {
          "dependents": [
            "header",
            "content",
            "footer"
          ]
        },
        "header": {
          "deps": [
            "button"
          ],
          "dependents": [
            "view1"
          ]
        },
        "content": {
          "deps": [
            "inlay",
            "button"
          ],
          "dependents": [
            "view1"
          ]
        },
        "footer": {
          "deps": [
            "button"
          ],
          "dependents": [
            "view1"
          ]
        }
      },
      "dependents": [
        "main"
      ]
    },
    {
      "id": "main",
      "path": "source/trace/combined/main.js",
      "deps": [
        "view1"
      ]
    }
]
