[
    {
      "id": "b",
      "path": "source/trace/nested/b.js",
      "dependents": [
        "a"
      ]
    },
    {
      "id": "a",
      "path": "source/trace/nested/a.js",
      "deps": [
        "b"
      ],
      "dependents": [
        "top"
      ]
    },
    {
      "id": "top",
      "path": "source/trace/nested/top.js",
      "deps": [
        "a"
      ],
      "dependents": [
        "main"
      ]
    },
    {
      "id": "d",
      "path": "source/trace/nested/d.js",
      "dependents": [
        "main"
      ]
    },
    {
      "id": "main",
      "path": "source/trace/nested/main.js",
      "deps": [
        "top",
        "d"
      ]
    }
]
