[
  {
    "id": "b",
    "path": "source/trace/nested/b.js"
  },
  {
    "id": "e",
    "path": "source/trace/nested/e.js"
  },
  {
    "id": "a",
    "path": "source/trace/nested/a.js"
  },
  {
    "id": "c",
    "path": "source/trace/nested/c.js"
  },
  {
    "id": "top",
    "path": "source/trace/nested/top.js"
  },
  {
    "id": "d",
    "path": "source/trace/nested/d.js"
  },
  {
    "id": "main",
    "path": "source/trace/nested/main.js"
  }
]
