[
  { "id": "b", "path": "source/trace/simple/b.js" },
  { "id": "a", "path": "source/trace/simple/a.js" },
  { "id": "main", "path": "source/trace/simple/main.js" }
]
